// Jest Snapshot v1, https://goo.gl/fbAQLP

exports[`<ProjectDetails /> renders as expected 1`] = `
ShallowWrapper {
  Symbol(enzyme.__root__): [Circular],
  Symbol(enzyme.__unrendered__): <ProjectDetails
    contributors={null}
    details={null}
    error={null}
    fetching={false}
    getProjectDetails={[MockFunction]}
    match={
      Object {
        "params": Object {
          "projectId": 123,
        },
      }
    }
    projectList={
      Object {
        "items": Array [],
      }
    }
    projects={Array []}
  />,
  Symbol(enzyme.__renderer__): Object {
    "batchedUpdates": [Function],
    "checkPropTypes": [Function],
    "getNode": [Function],
    "render": [Function],
    "simulateError": [Function],
    "simulateEvent": [Function],
    "unmount": [Function],
  },
  Symbol(enzyme.__node__): Object {
    "instance": null,
    "key": undefined,
    "nodeType": "host",
    "props": Object {
      "children": Array [
        <h3>
          Please select a project.
        </h3>,
        null,
        false,
        <React.Fragment />,
      ],
      "className": "main",
    },
    "ref": null,
    "rendered": Array [
      Object {
        "instance": null,
        "key": undefined,
        "nodeType": "host",
        "props": Object {
          "children": "Please select a project.",
        },
        "ref": null,
        "rendered": "Please select a project.",
        "type": "h3",
      },
      null,
      false,
      Object {
        "instance": null,
        "key": undefined,
        "nodeType": "function",
        "props": Object {
          "children": Array [
            null,
            null,
          ],
        },
        "ref": null,
        "rendered": Array [
          null,
          null,
        ],
        "type": Symbol(react.fragment),
      },
    ],
    "type": "div",
  },
  Symbol(enzyme.__nodes__): Array [
    Object {
      "instance": null,
      "key": undefined,
      "nodeType": "host",
      "props": Object {
        "children": Array [
          <h3>
            Please select a project.
          </h3>,
          null,
          false,
          <React.Fragment />,
        ],
        "className": "main",
      },
      "ref": null,
      "rendered": Array [
        Object {
          "instance": null,
          "key": undefined,
          "nodeType": "host",
          "props": Object {
            "children": "Please select a project.",
          },
          "ref": null,
          "rendered": "Please select a project.",
          "type": "h3",
        },
        null,
        false,
        Object {
          "instance": null,
          "key": undefined,
          "nodeType": "function",
          "props": Object {
            "children": Array [
              null,
              null,
            ],
          },
          "ref": null,
          "rendered": Array [
            null,
            null,
          ],
          "type": Symbol(react.fragment),
        },
      ],
      "type": "div",
    },
  ],
  Symbol(enzyme.__options__): Object {
    "adapter": ReactSixteenAdapter {
      "options": Object {
        "enableComponentDidUpdateOnSetState": true,
        "legacyContextMode": "parent",
        "lifecycles": Object {
          "componentDidUpdate": Object {
            "onSetState": true,
          },
          "getChildContext": Object {
            "calledByRenderer": false,
          },
          "getDerivedStateFromProps": true,
          "getSnapshotBeforeUpdate": true,
          "setState": Object {
            "skipsComponentDidUpdateOnNullish": true,
          },
        },
      },
    },
  },
}
`;
